#-----------------------------------------------------------
# Vivado v2024.1 (64-bit)
# SW Build 5076996 on Wed May 22 18:37:14 MDT 2024
# IP Build 5075265 on Wed May 22 21:45:21 MDT 2024
# SharedData Build 5076995 on Wed May 22 18:29:18 MDT 2024
# Start of session at: Sat Jan 17 21:44:26 2026
# Process ID: 9588
# Current directory: C:/Users/ainar/OneDrive/Escritorio/trabajo_fpga/FPGA-project
# Command line: vivado.exe -gui_launcher_event rodinguilauncherevent11684 C:\Users\ainar\OneDrive\Escritorio\trabajo_fpga\FPGA-project\Ascensor_FPGA.xpr
# Log file: C:/Users/ainar/OneDrive/Escritorio/trabajo_fpga/FPGA-project/vivado.log
# Journal file: C:/Users/ainar/OneDrive/Escritorio/trabajo_fpga/FPGA-project\vivado.jou
# Running On        :PortatilAinara
# Platform          :Windows Server 2016 or Windows 10
# Operating System  :26100
# Processor Detail  :Intel(R) Core(TM) i7-9750H CPU @ 2.60GHz
# CPU Frequency     :2592 MHz
# CPU Physical cores:6
# CPU Logical cores :12
# Host memory       :17023 MB
# Swap memory       :4294 MB
# Total Virtual     :21318 MB
# Available Virtual :10776 MB
#-----------------------------------------------------------
start_gui
open_project C:/Users/ainar/OneDrive/Escritorio/trabajo_fpga/FPGA-project/Ascensor_FPGA.xpr
update_compile_order -fileset sources_1
# Disabling source management mode.  This is to allow the top design properties to be set without GUI intervention.
set_property source_mgmt_mode None [current_project]
set_property top cfg_piso_actual_tb [get_filesets sim_1]
set_property top_lib xil_defaultlib [get_filesets sim_1]
# Re-enabling previously disabled source management mode.
set_property source_mgmt_mode All [current_project]
update_compile_order -fileset sim_1
launch_simulation
open_wave_config C:/Users/ainar/OneDrive/Escritorio/trabajo_fpga/FPGA-project/FSM_PRUEBA_DE_FUNCIONAMIENTO.wcfg
open_wave_config C:/Users/ainar/OneDrive/Escritorio/trabajo_fpga/FPGA-project/PSIO_DECODER_PRUEBA_DE_FUNCIONAMIENTO.wcfg
open_wave_config C:/Users/ainar/OneDrive/Escritorio/trabajo_fpga/FPGA-project/PISO_ACTUAL_PRUEBA_DE_FUNCIONAMIENTO.wcfg
open_wave_config C:/Users/ainar/OneDrive/Escritorio/trabajo_fpga/FPGA-project/ASCENSOR_PRUEBA_DE_FUNCIONAMIENTO.wcfg
source cfg_piso_actual_tb.tcl
close_sim
# Disabling source management mode.  This is to allow the top design properties to be set without GUI intervention.
set_property source_mgmt_mode None [current_project]
set_property top FSM_tb [get_filesets sim_1]
set_property top_lib xil_defaultlib [get_filesets sim_1]
# Re-enabling previously disabled source management mode.
set_property source_mgmt_mode All [current_project]
update_compile_order -fileset sim_1
launch_simulation
open_wave_config C:/Users/ainar/OneDrive/Escritorio/trabajo_fpga/FPGA-project/FSM_PRUEBA_DE_FUNCIONAMIENTO.wcfg
open_wave_config C:/Users/ainar/OneDrive/Escritorio/trabajo_fpga/FPGA-project/PSIO_DECODER_PRUEBA_DE_FUNCIONAMIENTO.wcfg
open_wave_config C:/Users/ainar/OneDrive/Escritorio/trabajo_fpga/FPGA-project/PISO_ACTUAL_PRUEBA_DE_FUNCIONAMIENTO.wcfg
open_wave_config C:/Users/ainar/OneDrive/Escritorio/trabajo_fpga/FPGA-project/ASCENSOR_PRUEBA_DE_FUNCIONAMIENTO.wcfg
source FSM_tb.tcl
close_sim
launch_simulation
open_wave_config C:/Users/ainar/OneDrive/Escritorio/trabajo_fpga/FPGA-project/FSM_PRUEBA_DE_FUNCIONAMIENTO.wcfg
open_wave_config C:/Users/ainar/OneDrive/Escritorio/trabajo_fpga/FPGA-project/PSIO_DECODER_PRUEBA_DE_FUNCIONAMIENTO.wcfg
open_wave_config C:/Users/ainar/OneDrive/Escritorio/trabajo_fpga/FPGA-project/PISO_ACTUAL_PRUEBA_DE_FUNCIONAMIENTO.wcfg
open_wave_config C:/Users/ainar/OneDrive/Escritorio/trabajo_fpga/FPGA-project/ASCENSOR_PRUEBA_DE_FUNCIONAMIENTO.wcfg
source FSM_tb.tcl
open_wave_config {C:/Users/ainar/OneDrive/Escritorio/trabajo_fpga/FPGA-project/FSM_PRUEBA_DE_FUNCIONAMIENTO.wcfg}
save_wave_config {C:/Users/ainar/OneDrive/Escritorio/trabajo_fpga/FPGA-project/FSM_PRUEBA_DE_FUNCIONAMIENTO.wcfg}
close_sim
launch_simulation
open_wave_config C:/Users/ainar/OneDrive/Escritorio/trabajo_fpga/FPGA-project/FSM_PRUEBA_DE_FUNCIONAMIENTO.wcfg
open_wave_config C:/Users/ainar/OneDrive/Escritorio/trabajo_fpga/FPGA-project/PSIO_DECODER_PRUEBA_DE_FUNCIONAMIENTO.wcfg
open_wave_config C:/Users/ainar/OneDrive/Escritorio/trabajo_fpga/FPGA-project/PISO_ACTUAL_PRUEBA_DE_FUNCIONAMIENTO.wcfg
open_wave_config C:/Users/ainar/OneDrive/Escritorio/trabajo_fpga/FPGA-project/ASCENSOR_PRUEBA_DE_FUNCIONAMIENTO.wcfg
source FSM_tb.tcl
close_sim
# Disabling source management mode.  This is to allow the top design properties to be set without GUI intervention.
set_property source_mgmt_mode None [current_project]
set_property top cfg_piso_actual_tb [get_filesets sim_1]
set_property top_lib xil_defaultlib [get_filesets sim_1]
# Re-enabling previously disabled source management mode.
set_property source_mgmt_mode All [current_project]
update_compile_order -fileset sim_1
launch_simulation
open_wave_config C:/Users/ainar/OneDrive/Escritorio/trabajo_fpga/FPGA-project/FSM_PRUEBA_DE_FUNCIONAMIENTO.wcfg
open_wave_config C:/Users/ainar/OneDrive/Escritorio/trabajo_fpga/FPGA-project/PSIO_DECODER_PRUEBA_DE_FUNCIONAMIENTO.wcfg
open_wave_config C:/Users/ainar/OneDrive/Escritorio/trabajo_fpga/FPGA-project/PISO_ACTUAL_PRUEBA_DE_FUNCIONAMIENTO.wcfg
open_wave_config C:/Users/ainar/OneDrive/Escritorio/trabajo_fpga/FPGA-project/ASCENSOR_PRUEBA_DE_FUNCIONAMIENTO.wcfg
source cfg_piso_actual_tb.tcl
close_sim
# Disabling source management mode.  This is to allow the top design properties to be set without GUI intervention.
set_property source_mgmt_mode None [current_project]
set_property top Piso_Decoder [get_filesets sim_1]
set_property top_lib xil_defaultlib [get_filesets sim_1]
# Re-enabling previously disabled source management mode.
set_property source_mgmt_mode All [current_project]
update_compile_order -fileset sim_1
launch_simulation
open_wave_config C:/Users/ainar/OneDrive/Escritorio/trabajo_fpga/FPGA-project/FSM_PRUEBA_DE_FUNCIONAMIENTO.wcfg
open_wave_config C:/Users/ainar/OneDrive/Escritorio/trabajo_fpga/FPGA-project/PSIO_DECODER_PRUEBA_DE_FUNCIONAMIENTO.wcfg
open_wave_config C:/Users/ainar/OneDrive/Escritorio/trabajo_fpga/FPGA-project/PISO_ACTUAL_PRUEBA_DE_FUNCIONAMIENTO.wcfg
open_wave_config C:/Users/ainar/OneDrive/Escritorio/trabajo_fpga/FPGA-project/ASCENSOR_PRUEBA_DE_FUNCIONAMIENTO.wcfg
source Piso_Decoder.tcl
save_wave_config {C:/Users/ainar/OneDrive/Escritorio/trabajo_fpga/FPGA-project/PSIO_DECODER_PRUEBA_DE_FUNCIONAMIENTO.wcfg}
save_wave_config {C:/Users/ainar/OneDrive/Escritorio/trabajo_fpga/FPGA-project/PSIO_DECODER_PRUEBA_DE_FUNCIONAMIENTO.wcfg}
save_wave_config {C:/Users/ainar/OneDrive/Escritorio/trabajo_fpga/FPGA-project/PSIO_DECODER_PRUEBA_DE_FUNCIONAMIENTO.wcfg}
save_wave_config {C:/Users/ainar/OneDrive/Escritorio/trabajo_fpga/FPGA-project/PSIO_DECODER_PRUEBA_DE_FUNCIONAMIENTO.wcfg}
close_sim
launch_simulation
open_wave_config C:/Users/ainar/OneDrive/Escritorio/trabajo_fpga/FPGA-project/FSM_PRUEBA_DE_FUNCIONAMIENTO.wcfg
open_wave_config C:/Users/ainar/OneDrive/Escritorio/trabajo_fpga/FPGA-project/PSIO_DECODER_PRUEBA_DE_FUNCIONAMIENTO.wcfg
open_wave_config C:/Users/ainar/OneDrive/Escritorio/trabajo_fpga/FPGA-project/PISO_ACTUAL_PRUEBA_DE_FUNCIONAMIENTO.wcfg
open_wave_config C:/Users/ainar/OneDrive/Escritorio/trabajo_fpga/FPGA-project/ASCENSOR_PRUEBA_DE_FUNCIONAMIENTO.wcfg
source Piso_Decoder.tcl
close_sim
launch_simulation
open_wave_config C:/Users/ainar/OneDrive/Escritorio/trabajo_fpga/FPGA-project/FSM_PRUEBA_DE_FUNCIONAMIENTO.wcfg
open_wave_config C:/Users/ainar/OneDrive/Escritorio/trabajo_fpga/FPGA-project/PSIO_DECODER_PRUEBA_DE_FUNCIONAMIENTO.wcfg
open_wave_config C:/Users/ainar/OneDrive/Escritorio/trabajo_fpga/FPGA-project/PISO_ACTUAL_PRUEBA_DE_FUNCIONAMIENTO.wcfg
open_wave_config C:/Users/ainar/OneDrive/Escritorio/trabajo_fpga/FPGA-project/ASCENSOR_PRUEBA_DE_FUNCIONAMIENTO.wcfg
source Piso_Decoder.tcl
# Disabling source management mode.  This is to allow the top design properties to be set without GUI intervention.
set_property source_mgmt_mode None [current_project]
set_property top cfg_piso_decoder_tb [get_filesets sim_1]
set_property top_lib xil_defaultlib [get_filesets sim_1]
# Re-enabling previously disabled source management mode.
set_property source_mgmt_mode All [current_project]
update_compile_order -fileset sim_1
launch_simulation
close_sim
launch_simulation
open_wave_config C:/Users/ainar/OneDrive/Escritorio/trabajo_fpga/FPGA-project/FSM_PRUEBA_DE_FUNCIONAMIENTO.wcfg
open_wave_config C:/Users/ainar/OneDrive/Escritorio/trabajo_fpga/FPGA-project/PSIO_DECODER_PRUEBA_DE_FUNCIONAMIENTO.wcfg
open_wave_config C:/Users/ainar/OneDrive/Escritorio/trabajo_fpga/FPGA-project/PISO_ACTUAL_PRUEBA_DE_FUNCIONAMIENTO.wcfg
open_wave_config C:/Users/ainar/OneDrive/Escritorio/trabajo_fpga/FPGA-project/ASCENSOR_PRUEBA_DE_FUNCIONAMIENTO.wcfg
source cfg_piso_decoder_tb.tcl
save_wave_config {C:/Users/ainar/OneDrive/Escritorio/trabajo_fpga/FPGA-project/PSIO_DECODER_PRUEBA_DE_FUNCIONAMIENTO.wcfg}
save_wave_config {C:/Users/ainar/OneDrive/Escritorio/trabajo_fpga/FPGA-project/PSIO_DECODER_PRUEBA_DE_FUNCIONAMIENTO.wcfg}
save_wave_config {C:/Users/ainar/OneDrive/Escritorio/trabajo_fpga/FPGA-project/PSIO_DECODER_PRUEBA_DE_FUNCIONAMIENTO.wcfg}
save_wave_config {C:/Users/ainar/OneDrive/Escritorio/trabajo_fpga/FPGA-project/PSIO_DECODER_PRUEBA_DE_FUNCIONAMIENTO.wcfg}
save_wave_config {C:/Users/ainar/OneDrive/Escritorio/trabajo_fpga/FPGA-project/PSIO_DECODER_PRUEBA_DE_FUNCIONAMIENTO.wcfg}
close_sim
launch_simulation
open_wave_config C:/Users/ainar/OneDrive/Escritorio/trabajo_fpga/FPGA-project/FSM_PRUEBA_DE_FUNCIONAMIENTO.wcfg
open_wave_config C:/Users/ainar/OneDrive/Escritorio/trabajo_fpga/FPGA-project/PSIO_DECODER_PRUEBA_DE_FUNCIONAMIENTO.wcfg
open_wave_config C:/Users/ainar/OneDrive/Escritorio/trabajo_fpga/FPGA-project/PISO_ACTUAL_PRUEBA_DE_FUNCIONAMIENTO.wcfg
open_wave_config C:/Users/ainar/OneDrive/Escritorio/trabajo_fpga/FPGA-project/ASCENSOR_PRUEBA_DE_FUNCIONAMIENTO.wcfg
source cfg_piso_decoder_tb.tcl
close_sim
launch_simulation
open_wave_config C:/Users/ainar/OneDrive/Escritorio/trabajo_fpga/FPGA-project/FSM_PRUEBA_DE_FUNCIONAMIENTO.wcfg
open_wave_config C:/Users/ainar/OneDrive/Escritorio/trabajo_fpga/FPGA-project/PSIO_DECODER_PRUEBA_DE_FUNCIONAMIENTO.wcfg
open_wave_config C:/Users/ainar/OneDrive/Escritorio/trabajo_fpga/FPGA-project/PISO_ACTUAL_PRUEBA_DE_FUNCIONAMIENTO.wcfg
open_wave_config C:/Users/ainar/OneDrive/Escritorio/trabajo_fpga/FPGA-project/ASCENSOR_PRUEBA_DE_FUNCIONAMIENTO.wcfg
source cfg_piso_decoder_tb.tcl
# Disabling source management mode.  This is to allow the top design properties to be set without GUI intervention.
set_property source_mgmt_mode None [current_project]
set_property top FSM_tb [get_filesets sim_1]
set_property top_lib xil_defaultlib [get_filesets sim_1]
# Re-enabling previously disabled source management mode.
set_property source_mgmt_mode All [current_project]
update_compile_order -fileset sim_1
launch_simulation
close_sim
launch_simulation
open_wave_config C:/Users/ainar/OneDrive/Escritorio/trabajo_fpga/FPGA-project/FSM_PRUEBA_DE_FUNCIONAMIENTO.wcfg
open_wave_config C:/Users/ainar/OneDrive/Escritorio/trabajo_fpga/FPGA-project/PSIO_DECODER_PRUEBA_DE_FUNCIONAMIENTO.wcfg
open_wave_config C:/Users/ainar/OneDrive/Escritorio/trabajo_fpga/FPGA-project/PISO_ACTUAL_PRUEBA_DE_FUNCIONAMIENTO.wcfg
open_wave_config C:/Users/ainar/OneDrive/Escritorio/trabajo_fpga/FPGA-project/ASCENSOR_PRUEBA_DE_FUNCIONAMIENTO.wcfg
source FSM_tb.tcl
close_sim
# Disabling source management mode.  This is to allow the top design properties to be set without GUI intervention.
set_property source_mgmt_mode None [current_project]
set_property top piso_actual_tb [get_filesets sim_1]
set_property top_lib xil_defaultlib [get_filesets sim_1]
# Re-enabling previously disabled source management mode.
set_property source_mgmt_mode All [current_project]
update_compile_order -fileset sim_1
launch_simulation
open_wave_config C:/Users/ainar/OneDrive/Escritorio/trabajo_fpga/FPGA-project/FSM_PRUEBA_DE_FUNCIONAMIENTO.wcfg
open_wave_config C:/Users/ainar/OneDrive/Escritorio/trabajo_fpga/FPGA-project/PSIO_DECODER_PRUEBA_DE_FUNCIONAMIENTO.wcfg
open_wave_config C:/Users/ainar/OneDrive/Escritorio/trabajo_fpga/FPGA-project/PISO_ACTUAL_PRUEBA_DE_FUNCIONAMIENTO.wcfg
open_wave_config C:/Users/ainar/OneDrive/Escritorio/trabajo_fpga/FPGA-project/ASCENSOR_PRUEBA_DE_FUNCIONAMIENTO.wcfg
source piso_actual_tb.tcl
close_sim
launch_simulation
open_wave_config C:/Users/ainar/OneDrive/Escritorio/trabajo_fpga/FPGA-project/FSM_PRUEBA_DE_FUNCIONAMIENTO.wcfg
open_wave_config C:/Users/ainar/OneDrive/Escritorio/trabajo_fpga/FPGA-project/PSIO_DECODER_PRUEBA_DE_FUNCIONAMIENTO.wcfg
open_wave_config C:/Users/ainar/OneDrive/Escritorio/trabajo_fpga/FPGA-project/PISO_ACTUAL_PRUEBA_DE_FUNCIONAMIENTO.wcfg
open_wave_config C:/Users/ainar/OneDrive/Escritorio/trabajo_fpga/FPGA-project/ASCENSOR_PRUEBA_DE_FUNCIONAMIENTO.wcfg
source piso_actual_tb.tcl
close_sim
launch_simulation
close_project
open_project C:/Users/ainar/OneDrive/Escritorio/trabajo_fpga/FPGA-project/Ascensor_FPGA.xpr
update_compile_order -fileset sources_1
# Disabling source management mode.  This is to allow the top design properties to be set without GUI intervention.
set_property source_mgmt_mode None [current_project]
set_property top cfg_piso_actual_tb [get_filesets sim_1]
set_property top_lib xil_defaultlib [get_filesets sim_1]
# Re-enabling previously disabled source management mode.
set_property source_mgmt_mode All [current_project]
# Disabling source management mode.  This is to allow the top design properties to be set without GUI intervention.
set_property source_mgmt_mode None [current_project]
set_property top piso_actual_tb [get_filesets sim_1]
set_property top_lib xil_defaultlib [get_filesets sim_1]
# Re-enabling previously disabled source management mode.
set_property source_mgmt_mode All [current_project]
launch_simulation
launch_simulation
open_wave_config C:/Users/ainar/OneDrive/Escritorio/trabajo_fpga/FPGA-project/FSM_PRUEBA_DE_FUNCIONAMIENTO.wcfg
open_wave_config C:/Users/ainar/OneDrive/Escritorio/trabajo_fpga/FPGA-project/PSIO_DECODER_PRUEBA_DE_FUNCIONAMIENTO.wcfg
open_wave_config C:/Users/ainar/OneDrive/Escritorio/trabajo_fpga/FPGA-project/PISO_ACTUAL_PRUEBA_DE_FUNCIONAMIENTO.wcfg
open_wave_config C:/Users/ainar/OneDrive/Escritorio/trabajo_fpga/FPGA-project/ASCENSOR_PRUEBA_DE_FUNCIONAMIENTO.wcfg
source piso_actual_tb.tcl
close_sim
launch_simulation
open_wave_config C:/Users/ainar/OneDrive/Escritorio/trabajo_fpga/FPGA-project/FSM_PRUEBA_DE_FUNCIONAMIENTO.wcfg
open_wave_config C:/Users/ainar/OneDrive/Escritorio/trabajo_fpga/FPGA-project/PSIO_DECODER_PRUEBA_DE_FUNCIONAMIENTO.wcfg
open_wave_config C:/Users/ainar/OneDrive/Escritorio/trabajo_fpga/FPGA-project/PISO_ACTUAL_PRUEBA_DE_FUNCIONAMIENTO.wcfg
open_wave_config C:/Users/ainar/OneDrive/Escritorio/trabajo_fpga/FPGA-project/ASCENSOR_PRUEBA_DE_FUNCIONAMIENTO.wcfg
source piso_actual_tb.tcl
run all
save_wave_config {C:/Users/ainar/OneDrive/Escritorio/trabajo_fpga/FPGA-project/PISO_ACTUAL_PRUEBA_DE_FUNCIONAMIENTO.wcfg}
# Disabling source management mode.  This is to allow the top design properties to be set without GUI intervention.
set_property source_mgmt_mode None [current_project]
set_property top cfg_ascensor_tb [get_filesets sim_1]
set_property top_lib xil_defaultlib [get_filesets sim_1]
# Re-enabling previously disabled source management mode.
set_property source_mgmt_mode All [current_project]
update_compile_order -fileset sim_1
# Disabling source management mode.  This is to allow the top design properties to be set without GUI intervention.
set_property source_mgmt_mode None [current_project]
set_property top ascensor_tb [get_filesets sim_1]
set_property top_lib xil_defaultlib [get_filesets sim_1]
# Re-enabling previously disabled source management mode.
set_property source_mgmt_mode All [current_project]
close_sim
launch_simulation
open_wave_config C:/Users/ainar/OneDrive/Escritorio/trabajo_fpga/FPGA-project/FSM_PRUEBA_DE_FUNCIONAMIENTO.wcfg
open_wave_config C:/Users/ainar/OneDrive/Escritorio/trabajo_fpga/FPGA-project/PSIO_DECODER_PRUEBA_DE_FUNCIONAMIENTO.wcfg
open_wave_config C:/Users/ainar/OneDrive/Escritorio/trabajo_fpga/FPGA-project/PISO_ACTUAL_PRUEBA_DE_FUNCIONAMIENTO.wcfg
open_wave_config C:/Users/ainar/OneDrive/Escritorio/trabajo_fpga/FPGA-project/ASCENSOR_PRUEBA_DE_FUNCIONAMIENTO.wcfg
source ascensor_tb.tcl
close_sim
launch_simulation
open_wave_config C:/Users/ainar/OneDrive/Escritorio/trabajo_fpga/FPGA-project/FSM_PRUEBA_DE_FUNCIONAMIENTO.wcfg
open_wave_config C:/Users/ainar/OneDrive/Escritorio/trabajo_fpga/FPGA-project/PSIO_DECODER_PRUEBA_DE_FUNCIONAMIENTO.wcfg
open_wave_config C:/Users/ainar/OneDrive/Escritorio/trabajo_fpga/FPGA-project/PISO_ACTUAL_PRUEBA_DE_FUNCIONAMIENTO.wcfg
open_wave_config C:/Users/ainar/OneDrive/Escritorio/trabajo_fpga/FPGA-project/ASCENSOR_PRUEBA_DE_FUNCIONAMIENTO.wcfg
source ascensor_tb.tcl
save_wave_config {C:/Users/ainar/OneDrive/Escritorio/trabajo_fpga/FPGA-project/ASCENSOR_PRUEBA_DE_FUNCIONAMIENTO.wcfg}
