#-----------------------------------------------------------
# Vivado v2024.1 (64-bit)
# SW Build 5076996 on Wed May 22 18:37:14 MDT 2024
# IP Build 5075265 on Wed May 22 21:45:21 MDT 2024
# SharedData Build 5076995 on Wed May 22 18:29:18 MDT 2024
# Start of session at: Wed Jan 14 12:40:22 2026
# Process ID: 23044
# Current directory: C:/Users/ainar/OneDrive/Escritorio/trabajo_fpga/FPGA-project
# Command line: vivado.exe -gui_launcher_event rodinguilauncherevent6584 C:\Users\ainar\OneDrive\Escritorio\trabajo_fpga\FPGA-project\Ascensor_FPGA.xpr
# Log file: C:/Users/ainar/OneDrive/Escritorio/trabajo_fpga/FPGA-project/vivado.log
# Journal file: C:/Users/ainar/OneDrive/Escritorio/trabajo_fpga/FPGA-project\vivado.jou
# Running On        :PortatilAinara
# Platform          :Windows Server 2016 or Windows 10
# Operating System  :26100
# Processor Detail  :Intel(R) Core(TM) i7-9750H CPU @ 2.60GHz
# CPU Frequency     :2592 MHz
# CPU Physical cores:6
# CPU Logical cores :12
# Host memory       :17023 MB
# Swap memory       :4294 MB
# Total Virtual     :21318 MB
# Available Virtual :13662 MB
#-----------------------------------------------------------
start_gui
open_project C:/Users/ainar/OneDrive/Escritorio/trabajo_fpga/FPGA-project/Ascensor_FPGA.xpr
update_compile_order -fileset sources_1
reset_run synth_1
launch_runs synth_1 -jobs 12
reset_run synth_1
launch_runs synth_1 -jobs 12
wait_on_run synth_1
launch_runs impl_1 -jobs 12
wait_on_run impl_1
launch_runs impl_1 -to_step write_bitstream -jobs 12
wait_on_run impl_1
open_hw_manager
connect_hw_server -allow_non_jtag
