#-----------------------------------------------------------
# Vivado v2024.1 (64-bit)
# SW Build 5076996 on Wed May 22 18:37:14 MDT 2024
# IP Build 5075265 on Wed May 22 21:45:21 MDT 2024
# SharedData Build 5076995 on Wed May 22 18:29:18 MDT 2024
# Start of session at: Fri Jan  9 20:54:58 2026
# Process ID: 28184
# Current directory: C:/Users/raulm/OneDrive/Documentos/GitHub/FPGA-project/Ascensor_FPGA.runs/impl_1
# Command line: vivado.exe -log Ascensor.vdi -applog -product Vivado -messageDb vivado.pb -mode batch -source Ascensor.tcl -notrace
# Log file: C:/Users/raulm/OneDrive/Documentos/GitHub/FPGA-project/Ascensor_FPGA.runs/impl_1/Ascensor.vdi
# Journal file: C:/Users/raulm/OneDrive/Documentos/GitHub/FPGA-project/Ascensor_FPGA.runs/impl_1\vivado.jou
# Running On        :LenovoDeRaul
# Platform          :Windows Server 2016 or Windows 10
# Operating System  :26100
# Processor Detail  :13th Gen Intel(R) Core(TM) i5-13420H
# CPU Frequency     :2611 MHz
# CPU Physical cores:8
# CPU Logical cores :12
# Host memory       :16857 MB
# Swap memory       :15032 MB
# Total Virtual     :31890 MB
# Available Virtual :15189 MB
#-----------------------------------------------------------
source Ascensor.tcl -notrace
