#-----------------------------------------------------------
# Vivado v2024.1 (64-bit)
# SW Build 5076996 on Wed May 22 18:37:14 MDT 2024
# IP Build 5075265 on Wed May 22 21:45:21 MDT 2024
# SharedData Build 5076995 on Wed May 22 18:29:18 MDT 2024
# Start of session at: Wed Jan 14 12:46:43 2026
# Process ID: 14388
# Current directory: C:/Users/ainar/OneDrive/Escritorio/trabajo_fpga/FPGA-project/Ascensor_FPGA.runs/impl_1
# Command line: vivado.exe -log Ascensor.vdi -applog -product Vivado -messageDb vivado.pb -mode batch -source Ascensor.tcl -notrace
# Log file: C:/Users/ainar/OneDrive/Escritorio/trabajo_fpga/FPGA-project/Ascensor_FPGA.runs/impl_1/Ascensor.vdi
# Journal file: C:/Users/ainar/OneDrive/Escritorio/trabajo_fpga/FPGA-project/Ascensor_FPGA.runs/impl_1\vivado.jou
# Running On        :PortatilAinara
# Platform          :Windows Server 2016 or Windows 10
# Operating System  :26100
# Processor Detail  :Intel(R) Core(TM) i7-9750H CPU @ 2.60GHz
# CPU Frequency     :2592 MHz
# CPU Physical cores:6
# CPU Logical cores :12
# Host memory       :17023 MB
# Swap memory       :4294 MB
# Total Virtual     :21318 MB
# Available Virtual :10164 MB
#-----------------------------------------------------------
source Ascensor.tcl -notrace
